OUTPUT
[36mComponent Created by Tymoteusz Apriasz
© Avant 2024/2025
Process Normalizes Brightness in Image using it's mean brightnes
Args:  radius, traverse_radius, max_diff_threshold, [path1,path2,...,path(n)], output_folder
Example of input: ./main.out 10 15 30 [./d1.jpg,./d2.jpg,./d3.jpg,./d4.jpg] ./temp_img

!! WARNING DO NOT USE SPACES WHEN PROVIDING PATHS! INCORRECT EXAMPLE: [./d1.jpg, ./d2.jpg] !!
[0m-------------------------------------------------- 
Reading input files, note that this process will end in infinite loop if provided array does not end with "]"! 
Image_0 [35m./out/00017.JPG[0m
Detected 1 files to convert in total 
Output folder is: [33m./out[0m
Variables: 
Radius: 15
Traverse: 10
MAX_DIFF: 30
Starting the processment of data: 
[33mProcessing of:: [0m./out/00017.JPG[32m [...DONE! ][0m Saving File... [32m [...DONE! ][0m Succesfully saved to: [35m./out/00017.JPG[0m
***************************************
*            !!SUCCESS!!              *
*       ALL OPERATIONS COMPLEATED     *                  
***************************************
All operations finished, process will end with zero

[36m/**
 *  Component Created by Tymoteusz Apriasz
 *  ©Avant 2024/2025
 *  Process Normalizes the brightness on set of the images, by using their overall mean
 *  Args:  radius, traverse_radius, max_diff_threshold, [path1,path2,...,path(n)], output_folder
 *  Example of input: ./main.out 10 15 30 [./d1.jpg,./d2.jpg,./d3.jpg,./d4.jpg] ./temp_img
 * */
[0m-------------------------------------------------- 
Reading input files, note that this process will end in infinite loop if provided array does not end with "]"! 
Image_0 [35m./out/00017.JPG[0m
Detected 1 files to convert in total 
Output folder is: [33m./out[0m
Variables: 
No variables for this process
Starting the processment of data: 
[...] 
Starting the process of calculating the best mean 
Mean brightness calculated as: 123.076 normalizing brightness on images... 
 
[33mProcessing of:: [0m./out/00017.JPG[32m [...DONE! ][0m Saving File... [32m [...DONE! ][0m Succesfully saved to: [35m./out/00017.JPG[0m
***************************************
*            !!SUCCESS!!              *
*       ALL OPERATIONS COMPLEATED     *                  
***************************************
All operations finished, process will end with zero

[36mComponent Created by Tymoteusz Apriasz
©Avant 2024/2025
Process Reducing of the noise on the image using connected components
Args:  
Total of 8 params
@param threshold Threshold value for detecting the object as removable (ratio -- mean/25 * threshold_black)
@param area_size size of detected object being to big to be counted as noise
@param kernel_size_dilation_initial size of initial dilation, before the painting of gray over the detected object 
@param kernel_size_dilation_second size of second dilation, after the painting of gray over the detected object
@param inpaint_size size of kernel of inpaint, inpaint merges the objects with background
@param inpaint_type type of inpaint algorithm, 1 or 0
@param input_images_list - list of images to process
@param output_folder_dir - directory of output folder
@param display_changes set to 1 if need of displaying the process
Example of input: ./main.out 15 30 3 5 5 1 0 [./d1.jpg,./d2.jpg,./d3.jpg,./d4.jpg] ./temp_img

!! WARNING DO NOT USE SPACES WHEN PROVIDING PATHS! INCORRECT EXAMPLE: [./d1.jpg, ./d2.jpg] !!

NOTE! Please be aware that optimal size for mage is 1000x1000. Biggest size is hugely ineffective and requires too much time to process.
Please use Resize process provided by author, to make image compatibile with algorithms
NOTE! Please use grayscale images, if image is not saved as grayscale, it might not work properly
[0m-------------------------------------------------- 
Reading input files, note that this process will end in infinite loop if provided array does not end with "]"! 
Image_0 [35m./out/00017.JPG[0m
Detected 1 files to convert in total 
Output folder is: [33m./out[0m
Variables: 
Threshold: 22
Size: 10
Kernel size for initial dilation: 1
Kernel size for second dilation: 1
Inpaint size: 1
Inpaint type: 0
Starting the processment of data: 
[33mProcessing of:: [0m./out/00017.JPG[36mComponent Created by Tymoteusz Apriasz
©Avant 2024/2025
Process Reducing of the noise on the image using connected components
Args:  
Total of 8 params
@param threshold Threshold value for detecting the object as removable (ratio -- mean/25 * threshold_black)
@param area_size size of detected object being to big to be counted as noise
@param kernel_size_dilation_initial size of initial dilation, before the painting of gray over the detected object 
@param kernel_size_dilation_second size of second dilation, after the painting of gray over the detected object
@param inpaint_size size of kernel of inpaint, inpaint merges the objects with background
@param inpaint_type type of inpaint algorithm, 1 or 0
@param input_images_list - list of images to process
@param output_folder_dir - directory of output folder
@param display_changes set to 1 if need of displaying the process
Example of input: ./main.out 15 30 3 5 5 1 0 [./d1.jpg,./d2.jpg,./d3.jpg,./d4.jpg] ./temp_img

!! WARNING DO NOT USE SPACES WHEN PROVIDING PATHS! INCORRECT EXAMPLE: [./d1.jpg, ./d2.jpg] !!

NOTE! Please be aware that optimal size for mage is 1000x1000. Biggest size is hugely ineffective and requires too much time to process.
Please use Resize process provided by author, to make image compatibile with algorithms
NOTE! Please use grayscale images, if image is not saved as grayscale, it might not work properly
[0m-------------------------------------------------- 
Reading input files, note that this process will end in infinite loop if provided array does not end with "]"! 
Image_0 [35m./out/00017.JPG[0m
Detected 1 files to convert in total 
Output folder is: [33m./out[0m
Variables: 
Threshold: 12
Size: 2000
Kernel size for initial dilation: 2
Kernel size for second dilation: 2
Inpaint size: 3
Inpaint type: 1
Starting the processment of data: 
[33mProcessing of:: [0m./out/00017.JPG